// Jest Snapshot v1, https://goo.gl/fbAQLP

exports[`should render OpenQuestionFormContainer correctly (SNAPSHOT) 1`] = `
ShallowWrapper {
  Symbol(enzyme.__root__): [Circular],
  Symbol(enzyme.__unrendered__): <OpenQuestionFormContainer
    onSubmit={[Function]}
    question={
        Object {
            "description": "",
            "id": "1",
            "text": "Text",
            "type": "OpenQuestion",
          }
    }
/>,
  Symbol(enzyme.__renderer__): Object {
    "batchedUpdates": [Function],
    "getNode": [Function],
    "render": [Function],
    "simulateError": [Function],
    "simulateEvent": [Function],
    "unmount": [Function],
  },
  Symbol(enzyme.__node__): Object {
    "instance": null,
    "key": undefined,
    "nodeType": "function",
    "props": Object {
      "errors": Object {},
      "onChange": [Function],
      "onSubmit": [Function],
      "question": Object {
        "description": "",
        "id": "1",
        "text": "Text",
        "type": "OpenQuestion",
      },
    },
    "ref": null,
    "rendered": null,
    "type": [Function],
  },
  Symbol(enzyme.__nodes__): Array [
    Object {
      "instance": null,
      "key": undefined,
      "nodeType": "function",
      "props": Object {
        "errors": Object {},
        "onChange": [Function],
        "onSubmit": [Function],
        "question": Object {
          "description": "",
          "id": "1",
          "text": "Text",
          "type": "OpenQuestion",
        },
      },
      "ref": null,
      "rendered": null,
      "type": [Function],
    },
  ],
  Symbol(enzyme.__options__): Object {
    "adapter": ReactSixteenAdapter {
      "options": Object {
        "enableComponentDidUpdateOnSetState": true,
        "lifecycles": Object {
          "componentDidUpdate": Object {
            "onSetState": true,
          },
          "getDerivedStateFromProps": true,
          "getSnapshotBeforeUpdate": true,
          "setState": Object {
            "skipsComponentDidUpdateOnNullish": true,
          },
        },
      },
    },
    "disableLifecycleMethods": true,
  },
}
`;
